// Jest Snapshot v1, https://goo.gl/fbAQLP

exports[`should render expenselist correctly 1`] = `
<div>
  <ExpenseListItem
    amount={100}
    createdAt={0}
    description="Gum"
    id="1"
    key="1"
    note=""
  />
  <ExpenseListItem
    amount={10095}
    createdAt={-345600000}
    description="Rent"
    id="2"
    key="2"
    note=""
  />
  <ExpenseListItem
    amount={400}
    createdAt={345600000}
    description="Credit"
    id="3"
    key="3"
    note=""
  />
</div>
`;
